12
11
11
10
9
8
7
6
7
8
14
13
12
11
10
10
18
17
16
15
14
13
12
11
14
13
12
11
10
9
9
8
7
6
6
5
5
4
5
10
16
15
26
25
32
31
30
29
28
27
26
25
41
40
39
38
37
36
35
34
33
32
31
30
29
28
27
26
25
24
23
22
40
44
43
42
41
40
39
38
50
49
48
47
46
45
44
43
42
41
40
39
38
37
36
35
34
33
32
31
30
29
28
27
26
25
24
23
22
21
20
19
18
17
16
18
17
16
15
14
13
14
13
12
11
10
9
14
13
12
17
16
15
14
13
12
14
13
12
11
14
13
12
11
21
20
19
18
17
16
16
15
14
13
12
11
10
9
8
7
6
49
48
47
46
45
44
43
42
41
40
39
38
37
36
35
34
33
32
31
30
29
34
33
32
31
30
29
28
27
26
25
24
23
22
21
20
19
18
17
16
15
14
14
24
23
22
21
20
19
18
17
16
15
14
13
12
22
21
20
19
18
17
16
15
14
13
12
14
13
12
11
10
9
8
7
6
5
4
26
27
26
25
24
23
22
26
28
27
26
25
24
23
22
21
20
19
18
17
16
15
14
13
12
13
12
11
10
24
23
22
21
20
19
18
17
16
24
23
22
21
20
19
22
21
20
19
18
28
27
26
25
24
23
22
21
20
19
18
17
16
15
14
14
13
12
19
18
17
16
15
14
13
14
23
22
21
20
19
18
24
23
22
21
20
19
18
17
16
15
14
13
12
26
25
24
23
22
21
20
19
18
17
16
15
14
14
13
12
11
10
9
8
10
13
12
11
10
10
9
9
8
10
9
8
7
6
5
18
18
17
16
15
30
29
28
27
26
25
24
23
22
21
20
19
18
17
16
19
18
17
16
20
19
18
17
16
15
14
14
13
12
11
10
13
12
11
10
18
17
16
15
14
13
12
11
33
32
32
31
30
29
28
27
26
25
24
23
22
21
20
19
18
17
16
15
15
14
13
12
11
10
9
8
7
6
9
30
29
28
27
26
25
26
25
24
23
22
21
20
19
18
17
16
15
14
22
21
20
19
18
17
16
15
14
13
28
27
26
25
24
23
22
21
20
19
18
17
16
15
16
15
14
13
12
11
10
10
49
48
47
46
45
44
43
42
41
40
39
38
37
36
42
41
40
39
38
37
36
35
34
33
32
31
30
29
28
27
26
25
24
23
27
26
25
24
23
22
21
24
23
22
21
20
19
18
17
16
15
14
13
12
11
10
9
8
25
24
23
22
24
23
22
21
20
19
18
17
16
15
14
13
12
11
10
10
14
13
12
11
10
9
8
10
9
8
9
10
11
10
12
11
10
9
8
8
7
8
7
14
13
12
11
10
16
15
14
13
23
22
21
20
19
18
17
16
15
14
30
29
28
27
26
25
24
23
22
21
20
19
18
17
24
23
22
21
26
25
24
23
22
21
20
19
18
17
16
15
14
13
14
13
12
14
13
12
15
14
13
12
11
10
9
8
7
8
24
23
22
21
20
19
18
17
16
15
14
13
12
14
13
12
11
10
9
8
24
23
22
21
20
19
18
17
16
15
14
13
12
14
13
12
15
14
15
14
13
12
11
16
15
14
17
16
15
14
13
12
11
10
9
8
18
18
17
16
15
14
17
24
23
22
36
35
34
33
32
31
32
31
30
29
28
27
26
25
24
23
22
21
23
22
21
20
19
18
17
16
15
14
16
15
14
13
12
11
10
9
8
7
6
5
9
20
19
18
20
19
18
17
16
15
15
14
13
12
11
10
9
8
8
16
15
14
13
12
11
10
10
9
36
35
34
33
32
31
30
29
28
27
26
25
24
23
22
21
20
19
18
17
16
15
14
13
12
11
10
9
24
23
30
29
28
27
26
25
24
23
22
21
20
19
18
17
16
15
14
13
12
16
15
14
13
12
11
10
10
9
17
16
28
27
26
25
24
23
22
21
20
19
18
17
16
18
17
20
20
19
18
17
16
15
14
13
12
11
10
9
8
7
18
32
31
30
29
28
27
26
25
24
23
22
21
20
19
18
22
21
20
19
18
17
16
18
17
16
15
14
17
16
15
14
13
12
11
10
24
23
22
21
20
19
18
17
16
15
14
13
12
11
10
9
16
15
21
20
19
18
17
16
22
21
42
41
40
39
38
37
36
35
34
33
38
37
36
35
34
33
32
31
30
29
28
27
26
25
24
23
22
21
20
19
18
17
16
15
14
13
12
11
10
9
8
7
6
5
4
3
2
1
